// Jest Snapshot v1, https://goo.gl/fbAQLP

exports[`기존 사진이랑 변경점 있는지 확인-스냅샷 테스트 1`] = `
<div>
  <div>
    철수는 13 입니다.
  </div>
  철수의 취미 입력
  <input
    type="text"
  />
  <button>
    철수랑 놀기
  </button>
</div>
`;
